// Jest Snapshot v1, https://goo.gl/fbAQLP

exports[`productsList List is empty is products array empty 1`] = `
<styled.div>
  <h4>
    No Products Found
  </h4>
</styled.div>
`;

exports[`productsList render List to match snapshot 1`] = `
<styled.div>
  <styled.div
    key="1"
  >
    <styled.div
      justify="space-between"
    >
      <styled.h2>
        Product1
      </styled.h2>
      <div>
        <s>
          100
          $
        </s>
      </div>
    </styled.div>
    <styled.div
      justify="flex-end"
    >
      <styled.div>
        ↓ 
        10%
      </styled.div>
      <div>
        90
        $
      </div>
    </styled.div>
  </styled.div>
  <styled.div
    key="2"
  >
    <styled.div
      justify="space-between"
    >
      <styled.h2>
        Product2
      </styled.h2>
      <div>
        110
        $
      </div>
    </styled.div>
  </styled.div>
  <styled.div
    key="3"
  >
    <styled.div
      justify="space-between"
    >
      <styled.h2>
        Product3
      </styled.h2>
      <div>
        <s>
          80
          $
        </s>
      </div>
    </styled.div>
    <styled.div
      justify="flex-end"
    >
      <styled.div>
        ↓ 
        10%
      </styled.div>
      <div>
        72
        $
      </div>
    </styled.div>
  </styled.div>
  <styled.div
    key="4"
  >
    <styled.div
      justify="space-between"
    >
      <styled.h2>
        Product4
      </styled.h2>
      <div>
        <s>
          100
          $
        </s>
      </div>
    </styled.div>
    <styled.div
      justify="flex-end"
    >
      <styled.div>
        ↓ 
        10%
      </styled.div>
      <div>
        90
        $
      </div>
    </styled.div>
  </styled.div>
  <styled.div
    key="5"
  >
    <styled.div
      justify="space-between"
    >
      <styled.h2>
        Product5
      </styled.h2>
      <div>
        <s>
          110
          $
        </s>
      </div>
    </styled.div>
    <styled.div
      justify="flex-end"
    >
      <styled.div>
        ↓ 
        10%
      </styled.div>
      <div>
        99
        $
      </div>
    </styled.div>
  </styled.div>
  <styled.div
    key="6"
  >
    <styled.div
      justify="space-between"
    >
      <styled.h2>
        Product6
      </styled.h2>
      <div>
        <s>
          100
          $
        </s>
      </div>
    </styled.div>
    <styled.div
      justify="flex-end"
    >
      <styled.div>
        ↓ 
        10%
      </styled.div>
      <div>
        90
        $
      </div>
    </styled.div>
  </styled.div>
  <styled.div
    key="7"
  >
    <styled.div
      justify="space-between"
    >
      <styled.h2>
        Product7
      </styled.h2>
      <div>
        <s>
          100
          $
        </s>
      </div>
    </styled.div>
    <styled.div
      justify="flex-end"
    >
      <styled.div>
        ↓ 
        10%
      </styled.div>
      <div>
        90
        $
      </div>
    </styled.div>
  </styled.div>
</styled.div>
`;
